Nothing to build in platform 'design_1_sys_wrapper'

13:52:08 **** Incremental Build of configuration Debug for project Practice_G ****
make all 
make --no-print-directory pre-build
a9-linaro-pre-build-step
' '
make --no-print-directory main-build
'Building file: ../src/Practice_G.c'
'Invoking: ARM v7 gcc compiler'
arm-none-eabi-gcc -Wall -O0 -g3 -c -fmessage-length=0 -MT"src/Practice_G.o" -mcpu=cortex-a9 -mfpu=vfpv3 -mfloat-abi=hard -IC:/Users/HPZBOOK15G3/Desktop/FPGA/Study/4_Practice/4.6_Practice_G/Worksapce/design_1_sys_wrapper/export/design_1_sys_wrapper/sw/design_1_sys_wrapper/standalone_domain/bspinclude/include -MMD -MP -MF"src/Practice_G.d" -MT"src/Practice_G.o" -o "src/Practice_G.o" "../src/Practice_G.c"
'Finished building: ../src/Practice_G.c'
' '
'Building target: Practice_G.elf'
'Invoking: ARM v7 gcc linker'
arm-none-eabi-gcc -mcpu=cortex-a9 -mfpu=vfpv3 -mfloat-abi=hard -Wl,-build-id=none -specs=Xilinx.spec -Wl,-T -Wl,../src/lscript.ld -LC:/Users/HPZBOOK15G3/Desktop/FPGA/Study/4_Practice/4.6_Practice_G/Worksapce/design_1_sys_wrapper/export/design_1_sys_wrapper/sw/design_1_sys_wrapper/standalone_domain/bsplib/lib -o "Practice_G.elf"  ./src/Practice_G.o ./src/platform.o   -Wl,--start-group,-lxil,-lgcc,-lc,--end-group
'Finished building target: Practice_G.elf'
' '
'Invoking: ARM v7 Print Size'
arm-none-eabi-size Practice_G.elf  |tee "Practice_G.elf.size"
   text	   data	    bss	    dec	    hex	filename
  94780	   2760	  25952	 123492	  1e264	Practice_G.elf
'Finished building: Practice_G.elf.size'
' '
